// Jest Snapshot v1, https://goo.gl/fbAQLP

exports[`renders searchbar 1`] = `
<View
  style={Object {}}
>
  <View>
    <View
      style={
        Object {
          "backgroundColor": undefined,
        }
      }
    >
      <View
        rounded={true}
        searchBar={true}
        style={Object {}}
      >
        <View
          accessible={true}
          focusable={false}
          isTVSelectable={true}
          onClick={[Function]}
          onResponderGrant={[Function]}
          onResponderMove={[Function]}
          onResponderRelease={[Function]}
          onResponderTerminate={[Function]}
          onResponderTerminationRequest={[Function]}
          onStartShouldSetResponder={[Function]}
          style={
            Object {
              "borderRadius": undefined,
              "borderWidth": undefined,
              "opacity": 1,
            }
          }
        >
          <Text
            active={true}
            allowFontScaling={false}
            style={
              Array [
                Object {
                  "color": undefined,
                  "fontSize": 12,
                },
                Array [
                  Object {},
                  Object {},
                ],
                Object {
                  "fontFamily": "Ionicons",
                  "fontStyle": "normal",
                  "fontWeight": "normal",
                },
                Object {},
              ]
            }
          >
            
          </Text>
          <TextInput
            allowFontScaling={true}
            editable={true}
            placeholder="Search"
            placeholderTextColor="#575757"
            rejectResponderTermination={true}
            style={Object {}}
            underlineColorAndroid="rgba(0,0,0,0)"
          />
          <Text
            active={true}
            allowFontScaling={false}
            style={
              Array [
                Object {
                  "color": undefined,
                  "fontSize": 12,
                },
                Array [
                  Object {},
                  Object {},
                ],
                Object {
                  "fontFamily": "Ionicons",
                  "fontStyle": "normal",
                  "fontWeight": "normal",
                },
                Object {},
              ]
            }
          >
            
          </Text>
        </View>
        <View
          style={
            Array [
              Object {
                "alignItems": "center",
                "backgroundColor": "#ffbcbc",
                "borderColor": "red",
                "borderWidth": 1,
                "height": 100,
                "justifyContent": "center",
                "margin": 10,
                "width": 300,
              },
              Object {
                "borderRadius": 2,
                "borderWidth": undefined,
              },
            ]
          }
        >
          <Text
            style={
              Object {
                "color": "#333333",
                "margin": 20,
              }
            }
          >
            TouchableNativeFeedback is not supported on this platform!
          </Text>
        </View>
      </View>
    </View>
  </View>
</View>
`;
